// Jest Snapshot v1, https://goo.gl/fbAQLP

exports[`<DynamicStepForm/> test should render and match the snapshot 1`] = `
<body>
  <div>
    <div
      class="DynamicForm__FormContainer-sc-1ttvbzz-0 gXTkoJ"
    >
      <form
        autocomplete="off"
        class="ant-form ant-form-vertical DynamicForm__Form-sc-1ttvbzz-1 hUxbIT"
        data-testid="login-form"
        id="my-form"
      >
        <div>
          <div
            class="ant-row ant-form-item FormInput__CustomFormItem-ofxmhy-1 cElTSv"
          >
            <div
              class="ant-col ant-form-item-label"
            >
              <label
                class="ant-form-item-required"
                for="basic_Username"
                title="Username"
              >
                Username
              </label>
            </div>
            <div
              class="ant-col ant-form-item-control"
            >
              <div
                class="ant-form-item-control-input"
              >
                <div
                  class="ant-form-item-control-input-content"
                >
                  <input
                    class="ant-input FormInput__StyledInput-ofxmhy-0 iWohJH"
                    data-testid="formInput"
                    id="basic_Username"
                    type="text"
                    value=""
                  />
                </div>
              </div>
            </div>
          </div>
        </div>
      </form>
    </div>
  </div>
</body>
`;
