// Jest Snapshot v1, https://goo.gl/fbAQLP

exports[`<LoginContainer tests should render and match the snapshot 1`] = `
<body>
  <div>
    <div
      class="LoginContainer__Container-sk1ioa-0 jvcMSm"
    >
      <div
        class="ant-steps ant-steps-horizontal StepsComponent__CustomStep-ymgfaa-0 kQDDmx ant-steps-label-horizontal"
      >
        <div
          class="ant-steps-item ant-steps-item-process ant-steps-item-active"
        >
          <div
            class="ant-steps-item-container"
          >
            <div
              class="ant-steps-item-tail"
            />
            <div
              class="ant-steps-item-icon"
            >
              <span
                class="ant-steps-icon"
              >
                1
              </span>
            </div>
            <div
              class="ant-steps-item-content"
            >
              <div
                class="ant-steps-item-title"
              >
                Username
              </div>
            </div>
          </div>
        </div>
        <div
          class="ant-steps-item ant-steps-item-wait"
        >
          <div
            class="ant-steps-item-container"
          >
            <div
              class="ant-steps-item-tail"
            />
            <div
              class="ant-steps-item-icon"
            >
              <span
                class="ant-steps-icon"
              >
                2
              </span>
            </div>
            <div
              class="ant-steps-item-content"
            >
              <div
                class="ant-steps-item-title"
              >
                Emailid
              </div>
            </div>
          </div>
        </div>
        <div
          class="ant-steps-item ant-steps-item-wait"
        >
          <div
            class="ant-steps-item-container"
          >
            <div
              class="ant-steps-item-tail"
            />
            <div
              class="ant-steps-item-icon"
            >
              <span
                class="ant-steps-icon"
              >
                3
              </span>
            </div>
            <div
              class="ant-steps-item-content"
            >
              <div
                class="ant-steps-item-title"
              >
                Password
              </div>
            </div>
          </div>
        </div>
      </div>
      <div
        class="DynamicForm__FormContainer-sc-1ttvbzz-0 VZLZL"
      >
        <form
          autocomplete="off"
          class="ant-form ant-form-vertical"
          data-testid="login-form"
          id="basic"
        >
          <div>
            <div
              class="ant-row ant-form-item FormInput__CustomFormItem-ofxmhy-1 cElTSv"
            >
              <div
                class="ant-col ant-form-item-label"
              >
                <label
                  class="ant-form-item-required"
                  for="basic_username"
                  title="Username"
                >
                  Username
                </label>
              </div>
              <div
                class="ant-col ant-form-item-control"
              >
                <div
                  class="ant-form-item-control-input"
                >
                  <div
                    class="ant-form-item-control-input-content"
                  >
                    <input
                      class="ant-input FormInput__StyledInput-ofxmhy-0 iWohJH"
                      data-testid="formInput"
                      id="basic_username"
                      type="text"
                      value=""
                    />
                  </div>
                </div>
              </div>
            </div>
          </div>
        </form>
      </div>
      <div
        style="display: flex;"
      >
        <button
          class="ant-btn ant-btn-primary Button__B-sc-10epy5l-0 jyXgnZ"
          messageid="next"
          type="button"
        >
          <p
            class="T__StyledText-gcrjip-0 gIxZML"
            data-testid="t"
          >
            Next
          </p>
        </button>
      </div>
    </div>
  </div>
</body>
`;
