// Jest Snapshot v1, https://goo.gl/fbAQLP

exports[`<FormInput/> component test should render and match the snapshot 1`] = `
<body>
  <div>
    <div
      class="ant-row ant-form-item FormInput__CustomFormItem-ofxmhy-1 cElTSv"
    >
      <div
        class="ant-col ant-form-item-label"
      >
        <label
          class="ant-form-item-required"
          for="username"
          title="Username"
        >
          Username
        </label>
      </div>
      <div
        class="ant-col ant-form-item-control"
      >
        <div
          class="ant-form-item-control-input"
        >
          <div
            class="ant-form-item-control-input-content"
          >
            <input
              class="ant-input FormInput__StyledInput-ofxmhy-0 iWohJH"
              data-testid="formInput"
              id="username"
              type="text"
              value=""
            />
          </div>
        </div>
      </div>
    </div>
  </div>
</body>
`;
