// Jest Snapshot v1, https://goo.gl/fbAQLP

exports[`<StepsComponent/>  should render and match the snapshot 1`] = `
<body>
  <div>
    <div
      class="ant-steps ant-steps-horizontal StepsComponent__CustomStep-ymgfaa-0 kQDDmx ant-steps-label-horizontal"
    >
      <div
        class="ant-steps-item ant-steps-item-finish"
      >
        <div
          class="ant-steps-item-container"
        >
          <div
            class="ant-steps-item-tail"
          />
          <div
            class="ant-steps-item-icon"
          >
            <span
              class="ant-steps-icon"
            >
              <span
                aria-label="check"
                class="anticon anticon-check ant-steps-finish-icon"
                role="img"
              >
                <svg
                  aria-hidden="true"
                  data-icon="check"
                  fill="currentColor"
                  focusable="false"
                  height="1em"
                  viewBox="64 64 896 896"
                  width="1em"
                >
                  <path
                    d="M912 190h-69.9c-9.8 0-19.1 4.5-25.1 12.2L404.7 724.5 207 474a32 32 0 00-25.1-12.2H112c-6.7 0-10.4 7.7-6.3 12.9l273.9 347c12.8 16.2 37.4 16.2 50.3 0l488.4-618.9c4.1-5.1.4-12.8-6.3-12.8z"
                  />
                </svg>
              </span>
            </span>
          </div>
          <div
            class="ant-steps-item-content"
          >
            <div
              class="ant-steps-item-title"
            >
              Username
            </div>
          </div>
        </div>
      </div>
    </div>
  </div>
</body>
`;
